◇ injected env (14) from .env // tip: ◈ encrypted .env [www.dotenvx.com]
MongoDB Connected: ac-0ng6elv-shard-00-00.p6z4hlh.mongodb.net
Connection pool size: 50
node:events:487
      throw er; // Unhandled 'error' event
      ^

Error: listen EADDRINUSE: address already in use :::5000
    at Server.setupListenHandle [as _listen2] (node:net:2009:16)
    at listenInCluster (node:net:2066:12)
    at Server.listen (node:net:2171:7)
    at app.listen (D:\transfered folder\courses\projects\educenter\educenter-backend\node_modules\express\lib\application.js:635:24)
    at startServer (D:\transfered folder\courses\projects\educenter\educenter-backend\src\index.ts:138:9)
    at process.processTicksAndRejections (node:internal/process/task_queues:104:5)
Emitted 'error' event on Server instance at:
    at emitErrorNT (node:net:2045:8)
    at process.processTicksAndRejections (node:internal/process/task_queues:90:21) {
  code: 'EADDRINUSE',
  errno: -4091,
  syscall: 'listen',
  address: '::',
  port: 5000
}

Node.js v24.18.0
