◇ injected env (15) from .env // tip: ⌘ override existing { override: true }
Warning: Cannot polyfill `DOMMatrix`, rendering may be broken: "Error: Cannot find module 'canvas'
Require stack:
- D:\projects\educenter full stack\educenter-backend\node_modules\pdfjs-dist\legacy\build\pdf.js
- D:\projects\educenter full stack\educenter-backend\src\services\contentParser.ts
- D:\projects\educenter full stack\educenter-backend\src\routes\ai.ts
- D:\projects\educenter full stack\educenter-backend\src\index.ts".
Warning: Cannot polyfill `Path2D`, rendering may be broken: "Error: Cannot find module 'canvas'
Require stack:
- D:\projects\educenter full stack\educenter-backend\node_modules\pdfjs-dist\legacy\build\pdf.js
- D:\projects\educenter full stack\educenter-backend\src\services\contentParser.ts
- D:\projects\educenter full stack\educenter-backend\src\routes\ai.ts
- D:\projects\educenter full stack\educenter-backend\src\index.ts".
MongoDB Connected: ac-0ng6elv-shard-00-00.p6z4hlh.mongodb.net
Server running on port 5001
Environment: development
[2026-08-14T13:54:42.813Z] GET /api/health | Controller: N/A | Status: 200 | SUCCESS | 7ms
🔐 Auth middleware hit: GET /api/groups/6a7d535a39f6a55597e6f3b3/suggested-students
🔐 No token found in header or cookie
[2026-08-14T14:03:39.750Z] GET /api/groups/6a7d535a39f6a55597e6f3b3/suggested-students | Controller: /api/groups | Status: 401 | FAILED | 8ms
🔐 Auth middleware hit: GET /api/groups/6a7d535a39f6a55597e6f3b3/suggested-students
🔐 No token found in header or cookie
[2026-08-14T14:03:39.925Z] GET /api/groups/6a7d535a39f6a55597e6f3b3/suggested-students | Controller: /api/groups | Status: 401 | FAILED | 5ms
